------------------------------------------------------------
Timing Analyzer Summary
------------------------------------------------------------

Type  : Slow 1200mV 85C Model Setup 'clk_main'
Slack : -8.044
TNS   : -195.534

Type  : Slow 1200mV 85C Model Setup 'clk_div_x2:clkgen_stage_1|clk_out'
Slack : -2.008
TNS   : -37.670

Type  : Slow 1200mV 85C Model Hold 'clk_main'
Slack : 0.360
TNS   : 0.000

Type  : Slow 1200mV 85C Model Hold 'clk_div_x2:clkgen_stage_1|clk_out'
Slack : 0.479
TNS   : 0.000

Type  : Slow 1200mV 85C Model Minimum Pulse Width 'clk_main'
Slack : -3.000
TNS   : -111.551

Type  : Slow 1200mV 85C Model Minimum Pulse Width 'clk_div_x2:clkgen_stage_1|clk_out'
Slack : -1.487
TNS   : -29.740

Type  : Slow 1200mV 0C Model Setup 'clk_main'
Slack : -7.654
TNS   : -181.547

Type  : Slow 1200mV 0C Model Setup 'clk_div_x2:clkgen_stage_1|clk_out'
Slack : -1.829
TNS   : -33.810

Type  : Slow 1200mV 0C Model Hold 'clk_main'
Slack : 0.322
TNS   : 0.000

Type  : Slow 1200mV 0C Model Hold 'clk_div_x2:clkgen_stage_1|clk_out'
Slack : 0.455
TNS   : 0.000

Type  : Slow 1200mV 0C Model Minimum Pulse Width 'clk_main'
Slack : -3.000
TNS   : -111.551

Type  : Slow 1200mV 0C Model Minimum Pulse Width 'clk_div_x2:clkgen_stage_1|clk_out'
Slack : -1.487
TNS   : -29.740

Type  : Fast 1200mV 0C Model Setup 'clk_main'
Slack : -2.549
TNS   : -54.019

Type  : Fast 1200mV 0C Model Setup 'clk_div_x2:clkgen_stage_1|clk_out'
Slack : -0.210
TNS   : -2.700

Type  : Fast 1200mV 0C Model Hold 'clk_main'
Slack : 0.148
TNS   : 0.000

Type  : Fast 1200mV 0C Model Hold 'clk_div_x2:clkgen_stage_1|clk_out'
Slack : 0.175
TNS   : 0.000

Type  : Fast 1200mV 0C Model Minimum Pulse Width 'clk_main'
Slack : -3.000
TNS   : -79.113

Type  : Fast 1200mV 0C Model Minimum Pulse Width 'clk_div_x2:clkgen_stage_1|clk_out'
Slack : -1.000
TNS   : -20.000

------------------------------------------------------------
