Design Assistant report for VGA_CTL
Sat Jun  1 07:59:24 2019
Quartus Prime Version 18.1.0 Build 625 09/12/2018 SJ Lite Edition


---------------------
; Table of Contents ;
---------------------
  1. Legal Notice
  2. Design Assistant Summary
  3. Design Assistant Messages



----------------
; Legal Notice ;
----------------
Copyright (C) 2018  Intel Corporation. All rights reserved.
Your use of Intel Corporation's design tools, logic functions 
and other software and tools, and its AMPP partner logic 
functions, and any output files from any of the foregoing 
(including device programming or simulation files), and any 
associated documentation or information are expressly subject 
to the terms and conditions of the Intel Program License 
Subscription Agreement, the Intel Quartus Prime License Agreement,
the Intel FPGA IP License Agreement, or other applicable license
agreement, including, without limitation, that your use is for
the sole purpose of programming logic devices manufactured by
Intel and sold by Intel or its authorized distributors.  Please
refer to the applicable agreement for further details.



+-----------------------------------------------------------------------+
; Design Assistant Summary                                              ;
+-----------------------------------+-----------------------------------+
; Design Assistant Status           ; Failed - Sat Jun  1 07:59:24 2019 ;
; Revision Name                     ; VGA_CTL                           ;
; Top-level Entity Name             ; VGA_CTL                           ;
; Family                            ; MAX 10                            ;
; Total Critical Violations         ; 0                                 ;
; Total High Violations             ; 0                                 ;
; Total Medium Violations           ; 0                                 ;
; Total Information only Violations ; 0                                 ;
+-----------------------------------+-----------------------------------+


+---------------------------+
; Design Assistant Messages ;
+---------------------------+
Info: *******************************************************************
Info: Running Quartus Prime Design Assistant
    Info: Version 18.1.0 Build 625 09/12/2018 SJ Lite Edition
    Info: Processing started: Sat Jun  1 07:59:24 2019
Info: Command: quartus_drc VGA_CTL -c VGA_CTL
Warning (18236): Number of processors has not been specified which may cause overloading on shared machines.  Set the global assignment NUM_PARALLEL_PROCESSORS in your QSF to an appropriate value for best performance.
Error (12595): Design Assistant information: Design Assistant does not support current family.
Error: Quartus Prime Design Assistant was unsuccessful. 1 error, 1 warning
    Error: Peak virtual memory: 882 megabytes
    Error: Processing ended: Sat Jun  1 07:59:24 2019
    Error: Elapsed time: 00:00:00
    Error: Total CPU time (on all processors): 00:00:00


